Error : The log file is missing
Type ./analog -h for help
