Error : The option -g must be followed by a file name