Error : The option -u must be followed by a local URL