Error : 26 is an invalid hour, it must be between 0 and 23