Erreur : le fichier ne peut être ouvert, vérifiez sa validité